imports:
- path: wordpress.jinja

resources:
- name: wordpress
  type: wordpress.jinja
